// Jest Snapshot v1, https://goo.gl/fbAQLP

exports[`renders correctly 1`] = `
<div
  className="chat"
>
  <div
    className="list-conversations"
  >
    <h2>
      Les contacts
    </h2>
    <ul>
      <li
        className=""
        onClick={[Function]}
      >
        <div
          className="contact-conv"
        >
          <img
            alt="Photo de profil de epatrois"
            src="https://pbs.twimg.com/profile_images/781247417819725825/g8Rk4ljG_400x400.jpg"
          />
          <p>
             
             
            <span
              className="username"
            >
              (
              epatrois
              )
            </span>
          </p>
        </div>
      </li>
      <li
        className=""
        onClick={[Function]}
      >
        <div
          className="contact-conv"
        >
          <img
            alt="Photo de profil de mdewaele"
            src="https://cdn.pixabay.com/photo/2015/10/05/22/37/blank-profile-picture-973460_960_720.png"
          />
          <p>
             
             
            <span
              className="username"
            >
              (
              mdewaele
              )
            </span>
          </p>
        </div>
      </li>
      <li
        className=""
        onClick={[Function]}
      >
        <div
          className="contact-conv"
        >
          <img
            alt="Photo de profil de rodrigodelanoche"
            src="https://s3.amazonaws.com/mixture-mixed/21975/17188/img/photos/portraits/dogs/golden-retriever.jpg"
          />
          <p>
             
             
            <span
              className="username"
            >
              (
              rodrigodelanoche
              )
            </span>
          </p>
        </div>
      </li>
      <li
        className=""
        onClick={[Function]}
      >
        <div
          className="contact-conv"
        >
          <img
            alt="Photo de profil de erozis"
            src="https://encrypted-tbn0.gstatic.com/images?q=tbn:ANd9GcSwMFoeG86Nz19Ve8Cf2FqpdiMd9Q8r6cYS1lgmPKZCxJfvb7kK"
          />
          <p>
             
             
            <span
              className="username"
            >
              (
              erozis
              )
            </span>
          </p>
        </div>
      </li>
      <li
        className=""
        onClick={[Function]}
      >
        <div
          className="contact-conv"
        >
          <img
            alt="Photo de profil de hmoncenis"
            src="https://barknbrewwi.com/wp-content/uploads/2017/05/bark-and-brew-dog-img.png"
          />
          <p>
             
             
            <span
              className="username"
            >
              (
              hmoncenis
              )
            </span>
          </p>
        </div>
      </li>
      <li
        className=""
        onClick={[Function]}
      >
        <div
          className="contact-conv"
        >
          <img
            alt="Photo de profil de vivianeglz"
            src="https://img.freepik.com/free-photo/cute-golden-retriever-dog_1204-387.jpg?size=338&ext=jpg"
          />
          <p>
             
             
            <span
              className="username"
            >
              (
              vivianeglz
              )
            </span>
          </p>
        </div>
      </li>
      <li
        className=""
        onClick={[Function]}
      >
        <div
          className="contact-conv"
        >
          <img
            alt="Photo de profil de antoinesinety"
            src="https://cdn.petcarerx.com/LPPE/images/breedguidethumbs/Akita-dogs-photo.jpg"
          />
          <p>
             
             
            <span
              className="username"
            >
              (
              antoinesinety
              )
            </span>
          </p>
        </div>
      </li>
      <li
        className=""
        onClick={[Function]}
      >
        <div
          className="contact-conv"
        >
          <img
            alt="Photo de profil de Floflo36"
            src="https://scontent-cdt1-1.xx.fbcdn.net/v/t1.15752-9/31564082_10211602740766358_7499107362326708224_n.jpg?_nc_cat=0&oh=625d3b20b837757df071c3425c13e903&oe=5B506021"
          />
          <p>
            Florian
             
            Crétin(ptdr)
             
            <span
              className="username"
            >
              (
              Floflo36
              )
            </span>
          </p>
        </div>
      </li>
      <li
        className=""
        onClick={[Function]}
      >
        <div
          className="contact-conv"
        >
          <img
            alt="Photo de profil de tgauzin"
            src="https://cdn.petcarerx.com/LPPE/images/breedguidethumbs/Akita-dogs-photo.jpg"
          />
          <p>
             
             
            <span
              className="username"
            >
              (
              tgauzin
              )
            </span>
          </p>
        </div>
      </li>
    </ul>
  </div>
</div>
`;
