// Jest Snapshot v1, https://goo.gl/fbAQLP

exports[`renders correctly 1`] = `
<div>
  <form>
    <input
      name="first_name"
      onChange={[Function]}
      placeholder="Firstname"
      type="text"
      value=""
    />
    <input
      name="username"
      onChange={[Function]}
      placeholder="Username"
      type="text"
      value=""
    />
    <input
      name="last_name"
      onChange={[Function]}
      placeholder="Lastname"
      type="text"
      value=""
    />
    <input
      name="email"
      onChange={[Function]}
      placeholder="Email"
      type="email"
      value=""
    />
    <input
      name="birthdate"
      onChange={[Function]}
      placeholder="Birthdate"
      type="date"
      value=""
    />
    <input
      name="avatar"
      onChange={[Function]}
      type="file"
      value=""
    />
  </form>
  <button
    onClick={[Function]}
  >
    Add profil
  </button>
</div>
`;
