// Jest Snapshot v1, https://goo.gl/fbAQLP

exports[`renders correctly 1`] = `
<div>
  <div
    className="wrap-header"
  >
    <h1
      className="title"
    >
      Maxence
       
      De Waele
    </h1>
    <button
      onClick={[Function]}
    >
      Modifier
    </button>
  </div>
  <div
    className="wrap-content"
  >
    <div
      className="avatar"
    >
      <img
        alt="avatar"
        src="https://info.bestfriendspetcare.com/hubfs/BestFriendSpetcare-Sep2016/images/img_dog_right-col-top.png?t=1521138713469"
      />
    </div>
    <div
      className="content"
    >
      <p>
        Maxence
          
        De Waele
      </p>
      <p>
        mdewaele
      </p>
      <p>
        maxencedewaele@gmail.com
      </p>
      <p>
        2018-05-24
      </p>
    </div>
  </div>
</div>
`;
